Lote: LIS(a), BUE(a), MCZ(a), AJU(a), GYN(a), JDO(a), VIX(a), MIA(a), MIL(n), PMW(n), PAR(a), NAT(a), BHZ(a)
Lote: LIS, BUE, MCZ, AJU, GYN, JDO, VIX, MIA, MIL, PMW, PAR, NAT, BHZ
  ! Google FOR-LIS 2026-12-30: FlightsNotFound: no flights found; received error
  ! Google LIS-FOR 2026-11-17: FlightsNotFound: no flights found; received error
FOR-LIS: 90+90 dias · menor ida R$ 1.716 · média R$ 2.868 · 40%
  ! Google FOR-BUE 2026-10-15: FlightsNotFound: no flights found; received error
  ! Google FOR-BUE 2026-10-22: IndexError: list index out of range
  ! Google FOR-BUE 2026-11-08: IndexError: list index out of range
  ! Google FOR-BUE 2026-11-25: IndexError: list index out of range
  ! Google FOR-BUE 2026-12-07: FlightsNotFound: no flights found; received error
  ! Google BUE-FOR 2026-10-19: FlightsNotFound: no flights found; received error
  ! Google BUE-FOR 2026-11-04: FlightsNotFound: no flights found; received error
  ! Google BUE-FOR 2026-11-14: FlightsNotFound: no flights found; received error
  ! Google BUE-FOR 2026-12-11: FlightsNotFound: no flights found; received error
  ! Google BUE-FOR 2026-12-13: FlightsNotFound: no flights found; received error
  ! Google BUE-FOR 2026-12-17: FlightsNotFound: no flights found; received error
  ! Google BUE-FOR 2026-12-20: FlightsNotFound: no flights found; received error
  ! Google BUE-FOR 2026-12-22: FlightsNotFound: no flights found; received error
  ! Google BUE-FOR 2026-12-23: FlightsNotFound: no flights found; received error
  ! Google BUE-FOR 2026-12-24: FlightsNotFound: no flights found; received error
  ! Google BUE-FOR 2026-12-26: IndexError: list index out of range
  ! Google BUE-FOR 2026-12-27: FlightsNotFound: no flights found; received error
  ! Google BUE-FOR 2027-01-01: FlightsNotFound: no flights found; received error
  ! Google BUE-FOR 2027-01-02: FlightsNotFound: no flights found; received error
  ! Google BUE-FOR 2027-01-05: FlightsNotFound: no flights found; received error
  ! Google BUE-FOR 2027-01-09: IndexError: list index out of range
  ! Google BUE-FOR 2027-01-13: FlightsNotFound: no flights found; received error
FOR-BUE: 86+74 dias · menor ida R$ 1.272 · média R$ 1.322 · 4%
  ! Google FOR-MCZ 2026-10-22: FlightsNotFound: no flights found; received error
  ! Google FOR-MCZ 2026-10-27: FlightsNotFound: no flights found; received error
  ! Google FOR-MCZ 2026-10-30: FlightsNotFound: no flights found; received error
  ! Google FOR-MCZ 2026-11-04: FlightsNotFound: no flights found; received error
  ! Google FOR-MCZ 2026-11-16: FlightsNotFound: no flights found; received error
  ! Google FOR-MCZ 2026-11-19: FlightsNotFound: no flights found; received error
  ! Google FOR-MCZ 2026-11-27: FlightsNotFound: no flights found; received error
  ! Google FOR-MCZ 2026-11-28: FlightsNotFound: no flights found; received error
  ! Google FOR-MCZ 2026-12-03: FlightsNotFound: no flights found; received error
  ! Google FOR-MCZ 2026-12-30: FlightsNotFound: no flights found; received error
  ! Google MCZ-FOR 2027-01-05: FlightsNotFound: no flights found; received error
  ! Google MCZ-FOR 2027-01-06: FlightsNotFound: no flights found; received error
FOR-MCZ: 79+89 dias · menor ida R$ 681 · média R$ 1.356 · 50%
  ida e volta R$ 1.515 acima do teto da região (R$ 1.100) — sem alerta
  ! Google FOR-AJU 2026-10-22: FlightsNotFound: no flights found; received error
  ! Google FOR-AJU 2026-10-31: FlightsNotFound: no flights found; received error
  ! Google FOR-AJU 2026-11-05: FlightsNotFound: no flights found; received error
  ! Google FOR-AJU 2026-11-07: FlightsNotFound: no flights found; received error
  ! Google FOR-AJU 2026-11-08: FlightsNotFound: no flights found; received error
  ! Google FOR-AJU 2026-11-10: FlightsNotFound: no flights found; received error
  ! Google FOR-AJU 2026-11-11: FlightsNotFound: no flights found; received error
  ! Google FOR-AJU 2026-11-13: FlightsNotFound: no flights found; received error
  ! Google FOR-AJU 2026-11-15: FlightsNotFound: no flights found; received error
  ! Google FOR-AJU 2026-11-17: FlightsNotFound: no flights found; received error
  ! Google FOR-AJU 2026-11-18: FlightsNotFound: no flights found; received error
  ! Google FOR-AJU 2026-11-21: FlightsNotFound: no flights found; received error
  ! Google FOR-AJU 2026-11-22: FlightsNotFound: no flights found; received error
  ! Google FOR-AJU 2026-11-23: FlightsNotFound: no flights found; received error
  ! Google FOR-AJU 2026-11-29: FlightsNotFound: no flights found; received error
  ! Google FOR-AJU 2026-11-30: FlightsNotFound: no flights found; received error
  ! Google FOR-AJU 2026-12-02: FlightsNotFound: no flights found; received error
  ! Google FOR-AJU 2026-12-05: FlightsNotFound: no flights found; received error
  ! Google FOR-AJU 2026-12-07: FlightsNotFound: no flights found; received error
  ! Google FOR-AJU 2026-12-08: FlightsNotFound: no flights found; received error
  ! Google FOR-AJU 2026-12-15: FlightsNotFound: no flights found; received error
  ! Google FOR-AJU 2026-12-17: FlightsNotFound: no flights found; received error
  ! Google FOR-AJU 2026-12-18: FlightsNotFound: no flights found; received error
  ! Google FOR-AJU 2026-12-23: FlightsNotFound: no flights found; received error
  ! Google FOR-AJU 2026-12-26: FlightsNotFound: no flights found; received error
  ! Google FOR-AJU 2026-12-29: FlightsNotFound: no flights found; received error
  ! Google FOR-AJU 2027-01-03: FlightsNotFound: no flights found; received error
  ! Google FOR-AJU 2027-01-11: FlightsNotFound: no flights found; received error
  ! Google AJU-FOR 2026-10-18: FlightsNotFound: no flights found; received error
  ! Google AJU-FOR 2026-10-25: IndexError: list index out of range
  ! Google AJU-FOR 2026-11-01: IndexError: list index out of range
  ! Google AJU-FOR 2026-11-08: IndexError: list index out of range
  ! Google AJU-FOR 2026-11-11: IndexError: list index out of range
  ! Google AJU-FOR 2026-11-14: IndexError: list index out of range
  ! Google AJU-FOR 2026-11-15: IndexError: list index out of range
  ! Google AJU-FOR 2026-11-18: IndexError: list index out of range
  ! Google AJU-FOR 2026-11-22: IndexError: list index out of range
  ! Google AJU-FOR 2026-11-24: FlightsNotFound: no flights found; received error
  ! Google AJU-FOR 2026-11-25: IndexError: list index out of range
  ! Google AJU-FOR 2026-11-27: IndexError: list index out of range
  ! Google AJU-FOR 2026-11-28: IndexError: list index out of range
  ! Google AJU-FOR 2026-11-29: IndexError: list index out of range
  ! Google AJU-FOR 2026-12-01: FlightsNotFound: no flights found; received error
  ! Google AJU-FOR 2026-12-03: FlightsNotFound: no flights found; received error
  ! Google AJU-FOR 2026-12-06: IndexError: list index out of range
  ! Google AJU-FOR 2026-12-09: FlightsNotFound: no flights found; received error
  ! Google AJU-FOR 2026-12-11: FlightsNotFound: no flights found; received error
  ! Google AJU-FOR 2026-12-13: FlightsNotFound: no flights found; received error
  ! Google AJU-FOR 2026-12-20: FlightsNotFound: no flights found; received error
  ! Google AJU-FOR 2026-12-21: FlightsNotFound: no flights found; received error
  ! Google AJU-FOR 2026-12-22: FlightsNotFound: no flights found; received error
  ! Google AJU-FOR 2026-12-25: FlightsNotFound: no flights found; received error
  ! Google AJU-FOR 2026-12-26: FlightsNotFound: no flights found; received error
  ! Google AJU-FOR 2026-12-27: IndexError: list index out of range
  ! Google AJU-FOR 2027-01-03: IndexError: list index out of range
  ! Google AJU-FOR 2027-01-10: IndexError: list index out of range
FOR-AJU: 58+55 dias · menor ida R$ 1.038 · média R$ 1.510 · 31%
  ida e volta R$ 2.033 acima do teto da região (R$ 1.100) — sem alerta
  ! Google FOR-GYN 2026-10-15: FlightsNotFound: no flights found; received error
  ! Google FOR-GYN 2026-10-30: FlightsNotFound: no flights found; received error
  ! Google FOR-GYN 2026-12-09: FlightsNotFound: no flights found; received error
  ! Google FOR-GYN 2026-12-16: FlightsNotFound: no flights found; received error
  ! Google FOR-GYN 2026-12-24: FlightsNotFound: no flights found; received error
  ! Google FOR-GYN 2026-12-25: FlightsNotFound: no flights found; received error
  ! Google FOR-GYN 2026-12-30: FlightsNotFound: no flights found; received error
  ! Google FOR-GYN 2026-12-31: FlightsNotFound: no flights found; received error
  ! Google FOR-GYN 2027-01-02: FlightsNotFound: no flights found; received error
  ! Google FOR-GYN 2027-01-10: FlightsNotFound: no flights found; received error
  ! Google GYN-FOR 2026-10-24: FlightsNotFound: no flights found; received error
  ! Google GYN-FOR 2026-10-27: FlightsNotFound: no flights found; received error
  ! Google GYN-FOR 2026-11-15: FlightsNotFound: no flights found; received error
  ! Google GYN-FOR 2026-11-16: FlightsNotFound: no flights found; received error
  ! Google GYN-FOR 2026-12-17: FlightsNotFound: no flights found; received error
  ! Google GYN-FOR 2027-01-11: FlightsNotFound: no flights found; received error
  ! Google GYN-FOR 2027-01-12: FlightsNotFound: no flights found; received error
FOR-GYN: 81+84 dias · menor ida R$ 643 · média R$ 952 · 32%
  ! Google FOR-JDO 2026-10-17: FlightsNotFound: no flights found; received error
  ! Google FOR-JDO 2026-10-21: FlightsNotFound: no flights found; received error
  ! Google FOR-JDO 2026-11-01: FlightsNotFound: no flights found; received error
  ! Google FOR-JDO 2026-11-04: FlightsNotFound: no flights found; received error
h2 connection driver error: connection reset
  ! Google FOR-JDO 2026-11-17: FlightsNotFound: no flights found; received error
  ! Google FOR-JDO 2026-12-04: FlightsNotFound: no flights found; received error
  ! Google FOR-JDO 2026-12-12: FlightsNotFound: no flights found; received error
  ! Google FOR-JDO 2026-12-23: FlightsNotFound: no flights found; received error
  ! Google JDO-FOR 2026-10-20: IndexError: list index out of range
  ! Google JDO-FOR 2026-12-12: FlightsNotFound: no flights found; received error
  ! Google JDO-FOR 2026-12-31: FlightsNotFound: no flights found; received error
  ! Google JDO-FOR 2027-01-04: FlightsNotFound: no flights found; received error
  ! Google JDO-FOR 2027-01-09: FlightsNotFound: no flights found; received error
  ! Google JDO-FOR 2027-01-10: FlightsNotFound: no flights found; received error
FOR-JDO: 44+66 dias · menor ida R$ 296 · média R$ 2.031 · 85%
  ! Google FOR-VIX 2026-10-17: FlightsNotFound: no flights found; received error
  ! Google FOR-VIX 2026-10-20: FlightsNotFound: no flights found; received error
  ! Google FOR-VIX 2026-10-21: FlightsNotFound: no flights found; received error
  ! Google FOR-VIX 2026-10-22: FlightsNotFound: no flights found; received error
  ! Google FOR-VIX 2026-10-23: FlightsNotFound: no flights found; received error
  ! FOR-VIX: muitos erros seguidos, parando
  ! Google VIX-FOR 2026-10-18: FlightsNotFound: no flights found; received error
  ! Google VIX-FOR 2026-10-22: FlightsNotFound: no flights found; received error
  ! Google VIX-FOR 2026-10-26: FlightsNotFound: no flights found; received error
  ! Google VIX-FOR 2026-10-31: FlightsNotFound: no flights found; received error
  ! Google VIX-FOR 2026-12-13: IndexError: list index out of range
  ! Google VIX-FOR 2027-01-04: FlightsNotFound: no flights found; received error
FOR-VIX: 4+85 dias · menor ida R$ 1.218 · média R$ 830 · -47%
  ! Google FOR-MIA 2026-10-28: IndexError: list index out of range
  ! Google FOR-MIA 2026-11-02: FlightsNotFound: no flights found; received error
  ! Google FOR-MIA 2026-11-10: FlightsNotFound: no flights found; received error
  ! Google FOR-MIA 2026-11-20: FlightsNotFound: no flights found; received error
  ! Google FOR-MIA 2026-12-15: FlightsNotFound: no flights found; received error
  ! Google FOR-MIA 2027-01-01: FlightsNotFound: no flights found; received error
  ! Google FOR-MIA 2027-01-03: FlightsNotFound: no flights found; received error
  ! Google FOR-MIA 2027-01-06: FlightsNotFound: no flights found; received error
  ! Google FOR-MIA 2027-01-07: FlightsNotFound: no flights found; received error
  ! Google FOR-MIA 2027-01-08: FlightsNotFound: no flights found; received error
  ! Google FOR-MIA 2027-01-09: FlightsNotFound: no flights found; received error
  ! FOR-MIA: muitos erros seguidos, parando
  ! Google MIA-FOR 2026-10-18: FlightsNotFound: no flights found; received error
  ! Google MIA-FOR 2026-10-19: FlightsNotFound: no flights found; received error
  ! Google MIA-FOR 2026-10-20: FlightsNotFound: no flights found; received error
  ! Google MIA-FOR 2026-10-25: FlightsNotFound: no flights found; received error
  ! Google MIA-FOR 2026-11-05: FlightsNotFound: no flights found; received error
  ! Google MIA-FOR 2026-11-07: FlightsNotFound: no flights found; received error
  ! Google MIA-FOR 2026-11-11: FlightsNotFound: no flights found; received error
  ! Google MIA-FOR 2026-11-13: FlightsNotFound: no flights found; received error
  ! Google MIA-FOR 2026-11-14: FlightsNotFound: no flights found; received error
  ! Google MIA-FOR 2026-11-17: FlightsNotFound: no flights found; received error
  ! Google MIA-FOR 2026-11-22: FlightsNotFound: no flights found; received error
  ! Google MIA-FOR 2026-11-24: FlightsNotFound: no flights found; received error
  ! Google MIA-FOR 2026-11-25: FlightsNotFound: no flights found; received error
  ! Google MIA-FOR 2026-11-26: FlightsNotFound: no flights found; received error
  ! Google MIA-FOR 2026-11-27: FlightsNotFound: no flights found; received error
  ! MIA-FOR: muitos erros seguidos, parando
FOR-MIA: 76+29 dias · menor ida R$ 2.325 · média R$ 2.882 · 19%
  ! Google FOR-MIL 2026-10-18: FlightsNotFound: no flights found; received error
  ! Google FOR-MIL 2026-10-23: FlightsNotFound: no flights found; received error
  ! Google FOR-MIL 2026-11-02: FlightsNotFound: no flights found; received error
  ! Google FOR-MIL 2026-11-03: IndexError: list index out of range
  ! Google FOR-MIL 2026-11-04: FlightsNotFound: no flights found; received error
h2 connection driver error: connection reset
  ! Google FOR-MIL 2026-11-06: IndexError: list index out of range
  ! Google FOR-MIL 2026-11-12: FlightsNotFound: no flights found; received error
  ! Google FOR-MIL 2026-11-13: IndexError: list index out of range
  ! Google FOR-MIL 2026-11-19: FlightsNotFound: no flights found; received error
  ! Google FOR-MIL 2026-11-30: FlightsNotFound: no flights found; received error
  ! Google FOR-MIL 2026-12-03: FlightsNotFound: no flights found; received error
  ! Google FOR-MIL 2026-12-11: IndexError: list index out of range
  ! Google FOR-MIL 2026-12-28: IndexError: list index out of range
  ! Google FOR-MIL 2027-01-06: IndexError: list index out of range
  ! Google FOR-MIL 2027-01-07: IndexError: list index out of range
  ! Google MIL-FOR 2026-10-17: FlightsNotFound: no flights found; received error
  ! Google MIL-FOR 2026-10-20: FlightsNotFound: no flights found; received error
  ! Google MIL-FOR 2026-11-02: IndexError: list index out of range
  ! Google MIL-FOR 2026-11-07: FlightsNotFound: no flights found; received error
  ! Google MIL-FOR 2026-11-19: FlightsNotFound: no flights found; received error
  ! Google MIL-FOR 2026-11-21: FlightsNotFound: no flights found; received error
  ! Google MIL-FOR 2026-11-26: FlightsNotFound: no flights found; received error
  ! Google MIL-FOR 2026-11-29: FlightsNotFound: no flights found; received error
  ! Google MIL-FOR 2026-12-01: FlightsNotFound: no flights found; received error
  ! Google MIL-FOR 2026-12-08: FlightsNotFound: no flights found; received error
  ! Google MIL-FOR 2026-12-14: FlightsNotFound: no flights found; received error
  ! Google MIL-FOR 2026-12-19: FlightsNotFound: no flights found; received error
  ! Google MIL-FOR 2026-12-22: FlightsNotFound: no flights found; received error
  ! Google MIL-FOR 2027-01-04: FlightsNotFound: no flights found; received error
FOR-MIL: 76+77 dias · menor ida R$ 1.793 · média R$ 3.002 · 40%
  volta cara (R$ 3.424 vs média R$ 3.703) — sem alerta
  ! Google FOR-PMW 2026-10-20: FlightsNotFound: no flights found; received error
  ! Google FOR-PMW 2026-10-28: FlightsNotFound: no flights found; received error
  ! Google FOR-PMW 2026-11-07: FlightsNotFound: no flights found; received error
  ! Google FOR-PMW 2026-12-06: FlightsNotFound: no flights found; received error
  ! Google FOR-PMW 2026-12-12: FlightsNotFound: no flights found; received error
  ! Google FOR-PMW 2027-01-07: IndexError: list index out of range
  ! Google PMW-FOR 2026-10-18: IndexError: list index out of range
  ! Google PMW-FOR 2026-10-20: IndexError: list index out of range
  ! Google PMW-FOR 2026-12-02: FlightsNotFound: no flights found; received error
  ! Google PMW-FOR 2026-12-18: FlightsNotFound: no flights found; received error
  ! Google PMW-FOR 2027-01-01: FlightsNotFound: no flights found; received error
  ! Google PMW-FOR 2027-01-03: IndexError: list index out of range
  ! Google PMW-FOR 2027-01-06: FlightsNotFound: no flights found; received error
  ! Google PMW-FOR 2027-01-10: IndexError: list index out of range
FOR-PMW: 83+77 dias · menor ida R$ 571 · média R$ 1.395 · 59%
  ! Google FOR-PAR 2026-10-15: FlightsNotFound: no flights found; received error
  ! Google FOR-PAR 2026-10-17: FlightsNotFound: no flights found; received error
  ! Google FOR-PAR 2026-10-19: IndexError: list index out of range
  ! Google FOR-PAR 2026-10-22: FlightsNotFound: no flights found; received error
  ! Google FOR-PAR 2026-10-24: FlightsNotFound: no flights found; received error
  ! Google FOR-PAR 2026-10-31: IndexError: list index out of range
  ! Google FOR-PAR 2026-11-05: FlightsNotFound: no flights found; received error
  ! Google FOR-PAR 2026-11-06: IndexError: list index out of range
  ! Google FOR-PAR 2026-11-07: IndexError: list index out of range
  ! Google FOR-PAR 2026-11-12: FlightsNotFound: no flights found; received error
  ! Google FOR-PAR 2026-11-13: IndexError: list index out of range
  ! Google FOR-PAR 2026-11-14: IndexError: list index out of range
  ! Google FOR-PAR 2026-11-16: FlightsNotFound: no flights found; received error
  ! Google FOR-PAR 2026-11-23: FlightsNotFound: no flights found; received error
  ! Google FOR-PAR 2026-12-01: FlightsNotFound: no flights found; received error
  ! Google FOR-PAR 2026-12-05: IndexError: list index out of range
  ! Google FOR-PAR 2026-12-09: FlightsNotFound: no flights found; received error
  ! Google FOR-PAR 2026-12-16: FlightsNotFound: no flights found; received error
  ! Google FOR-PAR 2027-01-04: IndexError: list index out of range
  ! Google FOR-PAR 2027-01-07: IndexError: list index out of range
  ! Google PAR-FOR 2026-10-24: FlightsNotFound: no flights found; received error
  ! Google PAR-FOR 2026-11-09: FlightsNotFound: no flights found; received error
  ! Google PAR-FOR 2026-11-26: FlightsNotFound: no flights found; received error
  ! Google PAR-FOR 2026-11-29: FlightsNotFound: no flights found; received error
  ! Google PAR-FOR 2026-12-01: FlightsNotFound: no flights found; received error
  ! Google PAR-FOR 2026-12-02: FlightsNotFound: no flights found; received error
  ! Google PAR-FOR 2026-12-03: FlightsNotFound: no flights found; received error
  ! Google PAR-FOR 2026-12-04: FlightsNotFound: no flights found; received error
  ! PAR-FOR: muitos erros seguidos, parando
FOR-PAR: 71+43 dias · menor ida R$ 1.678 · média R$ 3.278 · 49%
  ida e volta R$ 5.121 acima do teto da região (R$ 4.500) — sem alerta
  ! Google FOR-NAT 2026-10-15: FlightsNotFound: no flights found; received error
  ! Google FOR-NAT 2026-10-19: FlightsNotFound: no flights found; received error
  ! Google FOR-NAT 2026-10-30: FlightsNotFound: no flights found; received error
  ! Google FOR-NAT 2026-10-31: FlightsNotFound: no flights found; received error
  ! Google FOR-NAT 2026-11-02: FlightsNotFound: no flights found; received error
  ! Google FOR-NAT 2026-11-05: FlightsNotFound: no flights found; received error
  ! Google FOR-NAT 2026-11-09: FlightsNotFound: no flights found; received error
  ! Google FOR-NAT 2026-11-13: FlightsNotFound: no flights found; received error
  ! Google FOR-NAT 2026-11-14: FlightsNotFound: no flights found; received error
  ! Google FOR-NAT 2026-11-15: FlightsNotFound: no flights found; received error
  ! Google FOR-NAT 2026-11-16: FlightsNotFound: no flights found; received error
  ! FOR-NAT: muitos erros seguidos, parando
  ! Google NAT-FOR 2026-10-17: FlightsNotFound: no flights found; received error
  ! Google NAT-FOR 2026-10-18: FlightsNotFound: no flights found; received error
  ! Google NAT-FOR 2026-10-21: FlightsNotFound: no flights found; received error
  ! Google NAT-FOR 2026-11-01: FlightsNotFound: no flights found; received error
  ! Google NAT-FOR 2026-11-12: FlightsNotFound: no flights found; received error
  ! Google NAT-FOR 2026-12-04: FlightsNotFound: no flights found; received error
  ! Google NAT-FOR 2026-12-06: FlightsNotFound: no flights found; received error
  ! Google NAT-FOR 2026-12-17: FlightsNotFound: no flights found; received error
  ! Google NAT-FOR 2027-01-01: FlightsNotFound: no flights found; received error
  ! Google NAT-FOR 2027-01-08: FlightsNotFound: no flights found; received error
  ! Google NAT-FOR 2027-01-09: FlightsNotFound: no flights found; received error
  ! Google NAT-FOR 2027-01-10: FlightsNotFound: no flights found; received error
  ! Google NAT-FOR 2027-01-12: FlightsNotFound: no flights found; received error
  ! Google NAT-FOR 2027-01-13: FlightsNotFound: no flights found; received error
FOR-NAT: 17+74 dias · menor ida R$ 942 · média R$ 1.805 · 48%
  ida e volta R$ 1.516 acima do teto da região (R$ 1.100) — sem alerta
  ! Google FOR-BHZ 2026-10-17: FlightsNotFound: no flights found; received error
  ! Google FOR-BHZ 2026-10-18: FlightsNotFound: no flights found; received error
  ! Google FOR-BHZ 2026-10-19: FlightsNotFound: no flights found; received error
  ! Google FOR-BHZ 2026-10-21: FlightsNotFound: no flights found; received error
  ! Google FOR-BHZ 2026-10-24: FlightsNotFound: no flights found; received error
  ! Google FOR-BHZ 2026-11-05: FlightsNotFound: no flights found; received error
  ! Google FOR-BHZ 2026-11-08: FlightsNotFound: no flights found; received error
  ! Google FOR-BHZ 2026-11-09: FlightsNotFound: no flights found; received error
  ! Google FOR-BHZ 2026-11-10: FlightsNotFound: no flights found; received error
  ! Google FOR-BHZ 2026-11-11: FlightsNotFound: no flights found; received error
  ! FOR-BHZ: muitos erros seguidos, parando
  ! Google BHZ-FOR 2026-10-15: FlightsNotFound: no flights found; received error
  ! Google BHZ-FOR 2026-10-16: FlightsNotFound: no flights found; received error
  ! Google BHZ-FOR 2026-10-17: FlightsNotFound: no flights found; received error
  ! Google BHZ-FOR 2026-10-19: FlightsNotFound: no flights found; received error
  ! Google BHZ-FOR 2026-10-20: FlightsNotFound: no flights found; received error
  ! Google BHZ-FOR 2026-10-29: FlightsNotFound: no flights found; received error
  ! Google BHZ-FOR 2026-11-06: FlightsNotFound: no flights found; received error
  ! Google BHZ-FOR 2026-11-11: FlightsNotFound: no flights found; received error
  ! Google BHZ-FOR 2026-11-15: FlightsNotFound: no flights found; received error
  ! Google BHZ-FOR 2026-11-21: FlightsNotFound: no flights found; received error
  ! Google BHZ-FOR 2026-11-23: FlightsNotFound: no flights found; received error
  ! Google BHZ-FOR 2026-11-25: FlightsNotFound: no flights found; received error
  ! Google BHZ-FOR 2026-11-27: FlightsNotFound: no flights found; received error
  ! Google BHZ-FOR 2026-12-09: FlightsNotFound: no flights found; received error
  ! Google BHZ-FOR 2026-12-12: FlightsNotFound: no flights found; received error
  ! Google BHZ-FOR 2026-12-16: FlightsNotFound: no flights found; received error
  ! Google BHZ-FOR 2026-12-19: FlightsNotFound: no flights found; received error
  ! Google BHZ-FOR 2026-12-20: FlightsNotFound: no flights found; received error
  ! Google BHZ-FOR 2027-01-04: FlightsNotFound: no flights found; received error
  ! Google BHZ-FOR 2027-01-05: FlightsNotFound: no flights found; received error
FOR-BHZ: 18+71 dias · menor ida R$ 785 · média R$ 1.032 · 24%
  ida e volta R$ 1.531 acima do teto da região (R$ 1.500) — sem alerta
  conferido BEL 2026-11-13: R$ 307 (valendo)
  conferido NVT 2026-11-07: R$ 668 (valendo)
  conferido BEL 2026-11-19: R$ 611 (valendo)

Rodada: 13 rotas · 0 candidatos · 0 alertas · 3241s
